// Jest Snapshot v1, https://goo.gl/fbAQLP

exports[`DrawPixelAsset constructor should have valid schema 1`] = `
Object {
  "$id": "canvas/drawPixel/asset",
  "properties": Object {
    "canvasId": Object {
      "dataType": "uint32",
      "fieldNumber": 1,
    },
    "colours": Object {
      "dataType": "bytes",
      "fieldNumber": 3,
      "maxLength": 5000,
      "minLength": 1,
    },
    "coords": Object {
      "dataType": "bytes",
      "fieldNumber": 2,
      "maxLength": 30000,
      "minLength": 3,
    },
  },
  "required": Array [
    "canvasId",
    "coords",
    "colours",
  ],
  "title": "DrawPixelAsset transaction asset for Canvas module",
  "type": "object",
}
`;
